// Jest Snapshot v1, https://goo.gl/fbAQLP

exports[`example 1`] = `
<div>
  <div>
    <p
      class="black"
    >
      Hello World
    </p>
  </div>
</div>
`;
